Processing /home/lwoods/workspace/mdanalysis/package
  Installing build dependencies: started
  Installing build dependencies: finished with status 'done'
  Getting requirements to build wheel: started
  Getting requirements to build wheel: finished with status 'done'
  Preparing metadata (pyproject.toml): started
  Preparing metadata (pyproject.toml): finished with status 'done'
Requirement already satisfied: numpy>=1.23.2 in /home/lwoods/miniconda3/envs/tmp/lib/python3.11/site-packages (from MDAnalysis==2.10.0.dev0) (2.3.0)
Collecting GridDataFormats>=0.4.0 (from MDAnalysis==2.10.0.dev0)
  Using cached GridDataFormats-1.0.2-py3-none-any.whl.metadata (4.9 kB)
Collecting mmtf-python>=1.0.0 (from MDAnalysis==2.10.0.dev0)
  Using cached mmtf_python-1.1.3-py2.py3-none-any.whl.metadata (1.2 kB)
Collecting joblib>=0.12 (from MDAnalysis==2.10.0.dev0)
  Using cached joblib-1.5.1-py3-none-any.whl.metadata (5.6 kB)
Collecting scipy>=1.5.0 (from MDAnalysis==2.10.0.dev0)
  Using cached scipy-1.15.3-cp311-cp311-manylinux_2_17_x86_64.manylinux2014_x86_64.whl.metadata (61 kB)
Collecting matplotlib>=1.5.1 (from MDAnalysis==2.10.0.dev0)
  Using cached matplotlib-3.10.3-cp311-cp311-manylinux_2_17_x86_64.manylinux2014_x86_64.whl.metadata (11 kB)
Collecting tqdm>=4.43.0 (from MDAnalysis==2.10.0.dev0)
  Using cached tqdm-4.67.1-py3-none-any.whl.metadata (57 kB)
Collecting threadpoolctl (from MDAnalysis==2.10.0.dev0)
  Using cached threadpoolctl-3.6.0-py3-none-any.whl.metadata (13 kB)
Collecting packaging (from MDAnalysis==2.10.0.dev0)
  Using cached packaging-25.0-py3-none-any.whl.metadata (3.3 kB)
Collecting filelock (from MDAnalysis==2.10.0.dev0)
  Using cached filelock-3.18.0-py3-none-any.whl.metadata (2.9 kB)
Collecting mda-xdrlib (from MDAnalysis==2.10.0.dev0)
  Using cached mda_xdrlib-0.2.0-py3-none-any.whl.metadata (19 kB)
Collecting mrcfile (from GridDataFormats>=0.4.0->MDAnalysis==2.10.0.dev0)
  Using cached mrcfile-1.5.4-py2.py3-none-any.whl.metadata (7.0 kB)
Collecting contourpy>=1.0.1 (from matplotlib>=1.5.1->MDAnalysis==2.10.0.dev0)
  Using cached contourpy-1.3.2-cp311-cp311-manylinux_2_17_x86_64.manylinux2014_x86_64.whl.metadata (5.5 kB)
Collecting cycler>=0.10 (from matplotlib>=1.5.1->MDAnalysis==2.10.0.dev0)
  Using cached cycler-0.12.1-py3-none-any.whl.metadata (3.8 kB)
Collecting fonttools>=4.22.0 (from matplotlib>=1.5.1->MDAnalysis==2.10.0.dev0)
  Using cached fonttools-4.58.2-cp311-cp311-manylinux_2_17_x86_64.manylinux2014_x86_64.whl.metadata (106 kB)
Collecting kiwisolver>=1.3.1 (from matplotlib>=1.5.1->MDAnalysis==2.10.0.dev0)
  Using cached kiwisolver-1.4.8-cp311-cp311-manylinux_2_17_x86_64.manylinux2014_x86_64.whl.metadata (6.2 kB)
Collecting pillow>=8 (from matplotlib>=1.5.1->MDAnalysis==2.10.0.dev0)
  Using cached pillow-11.2.1-cp311-cp311-manylinux_2_28_x86_64.whl.metadata (8.9 kB)
Collecting pyparsing>=2.3.1 (from matplotlib>=1.5.1->MDAnalysis==2.10.0.dev0)
  Using cached pyparsing-3.2.3-py3-none-any.whl.metadata (5.0 kB)
Collecting python-dateutil>=2.7 (from matplotlib>=1.5.1->MDAnalysis==2.10.0.dev0)
  Using cached python_dateutil-2.9.0.post0-py2.py3-none-any.whl.metadata (8.4 kB)
Collecting msgpack>=1.0.0 (from mmtf-python>=1.0.0->MDAnalysis==2.10.0.dev0)
  Using cached msgpack-1.1.0-cp311-cp311-manylinux_2_17_x86_64.manylinux2014_x86_64.whl.metadata (8.4 kB)
Collecting six>=1.5 (from python-dateutil>=2.7->matplotlib>=1.5.1->MDAnalysis==2.10.0.dev0)
  Using cached six-1.17.0-py2.py3-none-any.whl.metadata (1.7 kB)
Using cached GridDataFormats-1.0.2-py3-none-any.whl (2.1 MB)
Using cached joblib-1.5.1-py3-none-any.whl (307 kB)
Using cached matplotlib-3.10.3-cp311-cp311-manylinux_2_17_x86_64.manylinux2014_x86_64.whl (8.6 MB)
Using cached contourpy-1.3.2-cp311-cp311-manylinux_2_17_x86_64.manylinux2014_x86_64.whl (326 kB)
Using cached cycler-0.12.1-py3-none-any.whl (8.3 kB)
Using cached fonttools-4.58.2-cp311-cp311-manylinux_2_17_x86_64.manylinux2014_x86_64.whl (4.9 MB)
Using cached kiwisolver-1.4.8-cp311-cp311-manylinux_2_17_x86_64.manylinux2014_x86_64.whl (1.4 MB)
Using cached mmtf_python-1.1.3-py2.py3-none-any.whl (25 kB)
Using cached msgpack-1.1.0-cp311-cp311-manylinux_2_17_x86_64.manylinux2014_x86_64.whl (403 kB)
Using cached packaging-25.0-py3-none-any.whl (66 kB)
Using cached pillow-11.2.1-cp311-cp311-manylinux_2_28_x86_64.whl (4.6 MB)
Using cached pyparsing-3.2.3-py3-none-any.whl (111 kB)
Using cached python_dateutil-2.9.0.post0-py2.py3-none-any.whl (229 kB)
Using cached scipy-1.15.3-cp311-cp311-manylinux_2_17_x86_64.manylinux2014_x86_64.whl (37.7 MB)
Using cached six-1.17.0-py2.py3-none-any.whl (11 kB)
Using cached tqdm-4.67.1-py3-none-any.whl (78 kB)
Using cached filelock-3.18.0-py3-none-any.whl (16 kB)
Using cached mda_xdrlib-0.2.0-py3-none-any.whl (14 kB)
Using cached mrcfile-1.5.4-py2.py3-none-any.whl (45 kB)
Using cached threadpoolctl-3.6.0-py3-none-any.whl (18 kB)
Building wheels for collected packages: MDAnalysis
  Building wheel for MDAnalysis (pyproject.toml): started
  Building wheel for MDAnalysis (pyproject.toml): still running...
  Building wheel for MDAnalysis (pyproject.toml): finished with status 'done'
  Created wheel for MDAnalysis: filename=mdanalysis-2.10.0.dev0-cp311-cp311-linux_x86_64.whl size=6963887 sha256=c9b25b3c54cb5b5f1b55593759f82ae37f878179947d91e3c4fa9e89e64ccaa6
  Stored in directory: /tmp/pip-ephem-wheel-cache-zi__x8f9/wheels/46/b4/78/628f0cd385688a977ad669de49c71d7afc15589d5869e3253f
Successfully built MDAnalysis
Installing collected packages: tqdm, threadpoolctl, six, scipy, pyparsing, pillow, packaging, msgpack, mrcfile, mda-xdrlib, kiwisolver, joblib, fonttools, filelock, cycler, contourpy, python-dateutil, mmtf-python, GridDataFormats, matplotlib, MDAnalysis

Successfully installed GridDataFormats-1.0.2 MDAnalysis-2.10.0.dev0 contourpy-1.3.2 cycler-0.12.1 filelock-3.18.0 fonttools-4.58.2 joblib-1.5.1 kiwisolver-1.4.8 matplotlib-3.10.3 mda-xdrlib-0.2.0 mmtf-python-1.1.3 mrcfile-1.5.4 msgpack-1.1.0 packaging-25.0 pillow-11.2.1 pyparsing-3.2.3 python-dateutil-2.9.0.post0 scipy-1.15.3 six-1.17.0 threadpoolctl-3.6.0 tqdm-4.67.1
